// Jest Snapshot v1, https://goo.gl/fbAQLP

exports[`should render a playerÂ´s attribute (speed) 1`] = `
<p
  className="badge"
>
  44
</p>
`;
