// Jest Snapshot v1, https://goo.gl/fbAQLP

exports[`should render a player card 1`] = `
<div
  className="card"
>
  <div
    className="data"
  >
    <div
      className="name-container"
    >
      <div
        className="content"
      >
        <p
          className="name-tag"
        >
          name
        </p>
        <p
          className="name"
        >
          081813ad-c751-40e6-a12b-04f61968607b
        </p>
      </div>
    </div>
    <div
      className="atributes"
    >
      <div>
        <p
          className="badge"
        >
          NaN
        </p>
        <p
          className="atributes-text"
        >
          speed
        </p>
      </div>
      <div>
        <p
          className="badge"
        >
          NaN
        </p>
        <p
          className="atributes-text"
        >
          strenght
        </p>
      </div>
    </div>
  </div>
  <div
    className="player-score"
  >
    <p
      className="score"
    >
       
    </p>
  </div>
</div>
`;
